  Zji┼í┼ąuj├ş se projekty, kter├ę se maj├ş obnovit...
  V┼íechny projekty jsou v aktu├íln├şm stavu pro obnoven├ş.
  DataHub.Core -> C:\NON_Install_Programs\DataHub\src\DataHub.Core\bin\Debug\net9.0\DataHub.Core.dll
  Grinding.Shared -> C:\NON_Install_Programs\DataHub\domains\Grinding\Grinding.Shared\bin\Debug\net9.0\Grinding.Shared.dll
  Eisod.Shared -> C:\NON_Install_Programs\DataHub\domains\Eisod\Eisod.Shared\bin\Debug\net9.0\Eisod.Shared.dll
  DataHub.Platform -> C:\NON_Install_Programs\DataHub\src\DataHub.Platform\bin\Debug\net9.0\DataHub.Platform.dll
  Eisod.Services -> C:\NON_Install_Programs\DataHub\domains\Eisod\Eisod.Services\bin\Debug\net9.0\Eisod.Services.dll
  Grinding.Services -> C:\NON_Install_Programs\DataHub\domains\Grinding\Grinding.Services\bin\Debug\net9.0\Grinding.Services.dll
  Grinding.Client -> C:\NON_Install_Programs\DataHub\domains\Grinding\Grinding.Client\bin\Debug\net9.0\Grinding.Client.dll
  Eisod.Pages -> C:\NON_Install_Programs\DataHub\domains\Eisod\Eisod.Pages\bin\Debug\net9.0\Eisod.Pages.dll
C:\NON_Install_Programs\DataHub\domains\Grinding\Grinding.Pages\AlarmsView.razor(69,25): warning CS8669: Pozn├ímka pro typy odkaz┼» s mo┼żnou hodnotou null by se m─Ťla pou┼ż├şvat jenom v k├│du v r├ímci kontextu pozn├ímek #nullable. Automaticky vygenerovan├Ż k├│d vy┼żaduje explicitn├ş direktivu #nullable ve zdroji. [C:\NON_Install_Programs\DataHub\domains\Grinding\Grinding.Pages\Grinding.Pages.csproj]
C:\NON_Install_Programs\DataHub\domains\Grinding\Grinding.Pages\DummyItems.razor.cs(62,43): warning CS8632: Pozn├ímka u typ┼» odkaz┼» s mo┼żnou hodnotou null by se m─Ťla v k├│du pou┼ż├şvat jenom v kontextu pozn├ímek #nullable. [C:\NON_Install_Programs\DataHub\domains\Grinding\Grinding.Pages\Grinding.Pages.csproj]
C:\NON_Install_Programs\DataHub\domains\Grinding\Grinding.Pages\AlarmsView.razor(71,19): warning CS8669: Pozn├ímka pro typy odkaz┼» s mo┼żnou hodnotou null by se m─Ťla pou┼ż├şvat jenom v k├│du v r├ímci kontextu pozn├ímek #nullable. Automaticky vygenerovan├Ż k├│d vy┼żaduje explicitn├ş direktivu #nullable ve zdroji. [C:\NON_Install_Programs\DataHub\domains\Grinding\Grinding.Pages\Grinding.Pages.csproj]
C:\NON_Install_Programs\DataHub\domains\Grinding\Grinding.Pages\DummyItems.razor.cs(64,23): warning CS8632: Pozn├ímka u typ┼» odkaz┼» s mo┼żnou hodnotou null by se m─Ťla v k├│du pou┼ż├şvat jenom v kontextu pozn├ímek #nullable. [C:\NON_Install_Programs\DataHub\domains\Grinding\Grinding.Pages\Grinding.Pages.csproj]
C:\NON_Install_Programs\DataHub\domains\Grinding\Grinding.Pages\DummyItems.razor.cs(65,23): warning CS8632: Pozn├ímka u typ┼» odkaz┼» s mo┼żnou hodnotou null by se m─Ťla v k├│du pou┼ż├şvat jenom v kontextu pozn├ímek #nullable. [C:\NON_Install_Programs\DataHub\domains\Grinding\Grinding.Pages\Grinding.Pages.csproj]
C:\NON_Install_Programs\DataHub\domains\Grinding\Grinding.Pages\Alarms.razor.cs(50,46): warning CS8632: Pozn├ímka u typ┼» odkaz┼» s mo┼żnou hodnotou null by se m─Ťla v k├│du pou┼ż├şvat jenom v kontextu pozn├ímek #nullable. [C:\NON_Install_Programs\DataHub\domains\Grinding\Grinding.Pages\Grinding.Pages.csproj]
C:\NON_Install_Programs\DataHub\domains\Grinding\Grinding.Pages\AuditLogViewer.razor.cs(30,23): warning CS8632: Pozn├ímka u typ┼» odkaz┼» s mo┼żnou hodnotou null by se m─Ťla v k├│du pou┼ż├şvat jenom v kontextu pozn├ímek #nullable. [C:\NON_Install_Programs\DataHub\domains\Grinding\Grinding.Pages\Grinding.Pages.csproj]
C:\NON_Install_Programs\DataHub\domains\Grinding\Grinding.Pages\Alarms.razor.cs(51,23): warning CS8632: Pozn├ímka u typ┼» odkaz┼» s mo┼żnou hodnotou null by se m─Ťla v k├│du pou┼ż├şvat jenom v kontextu pozn├ímek #nullable. [C:\NON_Install_Programs\DataHub\domains\Grinding\Grinding.Pages\Grinding.Pages.csproj]
C:\NON_Install_Programs\DataHub\domains\Grinding\Grinding.Pages\Alarms.razor.cs(52,23): warning CS8632: Pozn├ímka u typ┼» odkaz┼» s mo┼żnou hodnotou null by se m─Ťla v k├│du pou┼ż├şvat jenom v kontextu pozn├ímek #nullable. [C:\NON_Install_Programs\DataHub\domains\Grinding\Grinding.Pages\Grinding.Pages.csproj]
C:\NON_Install_Programs\DataHub\domains\Grinding\Grinding.Pages\AuditLogViewer.razor.cs(33,42): warning CS8632: Pozn├ímka u typ┼» odkaz┼» s mo┼żnou hodnotou null by se m─Ťla v k├│du pou┼ż├şvat jenom v kontextu pozn├ímek #nullable. [C:\NON_Install_Programs\DataHub\domains\Grinding\Grinding.Pages\Grinding.Pages.csproj]
C:\NON_Install_Programs\DataHub\domains\Grinding\Grinding.Pages\Alarms.razor.cs(58,23): warning CS8632: Pozn├ímka u typ┼» odkaz┼» s mo┼żnou hodnotou null by se m─Ťla v k├│du pou┼ż├şvat jenom v kontextu pozn├ímek #nullable. [C:\NON_Install_Programs\DataHub\domains\Grinding\Grinding.Pages\Grinding.Pages.csproj]
C:\NON_Install_Programs\DataHub\domains\Grinding\Grinding.Pages\DummyItemDetails.razor(43,22): warning CS8669: Pozn├ímka pro typy odkaz┼» s mo┼żnou hodnotou null by se m─Ťla pou┼ż├şvat jenom v k├│du v r├ímci kontextu pozn├ímek #nullable. Automaticky vygenerovan├Ż k├│d vy┼żaduje explicitn├ş direktivu #nullable ve zdroji. [C:\NON_Install_Programs\DataHub\domains\Grinding\Grinding.Pages\Grinding.Pages.csproj]
C:\NON_Install_Programs\DataHub\domains\Grinding\Grinding.Pages\DummyItems.razor.cs(75,180): error CS0019: Oper├ítor ?? nejde pou┼ż├şt na operandy typu DummyCategory a string. [C:\NON_Install_Programs\DataHub\domains\Grinding\Grinding.Pages\Grinding.Pages.csproj]
C:\NON_Install_Programs\DataHub\domains\Grinding\Grinding.Pages\DummyItemAction.razor(20,39): error CS1503: Argument 1: Nejde p┼Öev├ęst z DataHub.Core.Models.DummyCategory na string. [C:\NON_Install_Programs\DataHub\domains\Grinding\Grinding.Pages\Grinding.Pages.csproj]
C:\NON_Install_Programs\DataHub\domains\Grinding\Grinding.Pages\obj\Debug\net9.0\Microsoft.CodeAnalysis.Razor.Compiler\Microsoft.NET.Sdk.Razor.SourceGenerators.RazorSourceGenerator\DummyItemAction_razor.g.cs(249,399): error CS1503: Argument 2: Nejde p┼Öev├ęst z Microsoft.AspNetCore.Components.EventCallback<DataHub.Core.Models.DummyCategory> na Microsoft.AspNetCore.Components.EventCallback. [C:\NON_Install_Programs\DataHub\domains\Grinding\Grinding.Pages\Grinding.Pages.csproj]
C:\NON_Install_Programs\DataHub\domains\Grinding\Grinding.Pages\obj\Debug\net9.0\Microsoft.CodeAnalysis.Razor.Compiler\Microsoft.NET.Sdk.Razor.SourceGenerators.RazorSourceGenerator\DummyItemAction_razor.g.cs(250,320): error CS0029: Typ DataHub.Core.Models.DummyCategory nejde implicitn─Ť p┼Öev├ęst na typ string. [C:\NON_Install_Programs\DataHub\domains\Grinding\Grinding.Pages\Grinding.Pages.csproj]
C:\NON_Install_Programs\DataHub\domains\Grinding\Grinding.Pages\obj\Debug\net9.0\Microsoft.CodeAnalysis.Razor.Compiler\Microsoft.NET.Sdk.Razor.SourceGenerators.RazorSourceGenerator\DummyItemAction_razor.g.cs(250,320): error CS1662: v├Żraz lambda nejde p┼Öev├ęst na zam├Ż┼ílen├Ż typ deleg├íta, proto┼że n─Ťkter├ę z n├ívratov├Żch typ┼» v bloku nejsou implicitn─Ť p┼Öevediteln├ę na n├ívratov├Ż typ tohoto deleg├íta. [C:\NON_Install_Programs\DataHub\domains\Grinding\Grinding.Pages\Grinding.Pages.csproj]
C:\NON_Install_Programs\DataHub\domains\Grinding\Grinding.Pages\obj\Debug\net9.0\Microsoft.CodeAnalysis.Razor.Compiler\Microsoft.NET.Sdk.Razor.SourceGenerators.RazorSourceGenerator\DummyItemAction_razor.g.cs(190,138): error CS1662: v├Żraz lambda nejde p┼Öev├ęst na zam├Ż┼ílen├Ż typ deleg├íta, proto┼że n─Ťkter├ę z n├ívratov├Żch typ┼» v bloku nejsou implicitn─Ť p┼Öevediteln├ę na n├ívratov├Ż typ tohoto deleg├íta. [C:\NON_Install_Programs\DataHub\domains\Grinding\Grinding.Pages\Grinding.Pages.csproj]
C:\NON_Install_Programs\DataHub\domains\Grinding\Grinding.Pages\DummyItemDetails.razor(26,47): error CS1503: Argument 1: Nejde p┼Öev├ęst z DataHub.Core.Models.DummyCategory na string. [C:\NON_Install_Programs\DataHub\domains\Grinding\Grinding.Pages\Grinding.Pages.csproj]
C:\NON_Install_Programs\DataHub\domains\Grinding\Grinding.Pages\obj\Debug\net9.0\Microsoft.CodeAnalysis.Razor.Compiler\Microsoft.NET.Sdk.Razor.SourceGenerators.RazorSourceGenerator\DummyItemDetails_razor.g.cs(279,394): error CS1503: Argument 2: Nejde p┼Öev├ęst z Microsoft.AspNetCore.Components.EventCallback<DataHub.Core.Models.DummyCategory> na Microsoft.AspNetCore.Components.EventCallback. [C:\NON_Install_Programs\DataHub\domains\Grinding\Grinding.Pages\Grinding.Pages.csproj]
C:\NON_Install_Programs\DataHub\domains\Grinding\Grinding.Pages\obj\Debug\net9.0\Microsoft.CodeAnalysis.Razor.Compiler\Microsoft.NET.Sdk.Razor.SourceGenerators.RazorSourceGenerator\DummyItemDetails_razor.g.cs(280,315): error CS0029: Typ DataHub.Core.Models.DummyCategory nejde implicitn─Ť p┼Öev├ęst na typ string. [C:\NON_Install_Programs\DataHub\domains\Grinding\Grinding.Pages\Grinding.Pages.csproj]
C:\NON_Install_Programs\DataHub\domains\Grinding\Grinding.Pages\obj\Debug\net9.0\Microsoft.CodeAnalysis.Razor.Compiler\Microsoft.NET.Sdk.Razor.SourceGenerators.RazorSourceGenerator\DummyItemDetails_razor.g.cs(280,315): error CS1662: v├Żraz lambda nejde p┼Öev├ęst na zam├Ż┼ílen├Ż typ deleg├íta, proto┼że n─Ťkter├ę z n├ívratov├Żch typ┼» v bloku nejsou implicitn─Ť p┼Öevediteln├ę na n├ívratov├Ż typ tohoto deleg├íta. [C:\NON_Install_Programs\DataHub\domains\Grinding\Grinding.Pages\Grinding.Pages.csproj]

Sestaven├ş SE NEZDA┼śILO.

C:\NON_Install_Programs\DataHub\domains\Grinding\Grinding.Pages\AlarmsView.razor(69,25): warning CS8669: Pozn├ímka pro typy odkaz┼» s mo┼żnou hodnotou null by se m─Ťla pou┼ż├şvat jenom v k├│du v r├ímci kontextu pozn├ímek #nullable. Automaticky vygenerovan├Ż k├│d vy┼żaduje explicitn├ş direktivu #nullable ve zdroji. [C:\NON_Install_Programs\DataHub\domains\Grinding\Grinding.Pages\Grinding.Pages.csproj]
C:\NON_Install_Programs\DataHub\domains\Grinding\Grinding.Pages\DummyItems.razor.cs(62,43): warning CS8632: Pozn├ímka u typ┼» odkaz┼» s mo┼żnou hodnotou null by se m─Ťla v k├│du pou┼ż├şvat jenom v kontextu pozn├ímek #nullable. [C:\NON_Install_Programs\DataHub\domains\Grinding\Grinding.Pages\Grinding.Pages.csproj]
C:\NON_Install_Programs\DataHub\domains\Grinding\Grinding.Pages\AlarmsView.razor(71,19): warning CS8669: Pozn├ímka pro typy odkaz┼» s mo┼żnou hodnotou null by se m─Ťla pou┼ż├şvat jenom v k├│du v r├ímci kontextu pozn├ímek #nullable. Automaticky vygenerovan├Ż k├│d vy┼żaduje explicitn├ş direktivu #nullable ve zdroji. [C:\NON_Install_Programs\DataHub\domains\Grinding\Grinding.Pages\Grinding.Pages.csproj]
C:\NON_Install_Programs\DataHub\domains\Grinding\Grinding.Pages\DummyItems.razor.cs(64,23): warning CS8632: Pozn├ímka u typ┼» odkaz┼» s mo┼żnou hodnotou null by se m─Ťla v k├│du pou┼ż├şvat jenom v kontextu pozn├ímek #nullable. [C:\NON_Install_Programs\DataHub\domains\Grinding\Grinding.Pages\Grinding.Pages.csproj]
C:\NON_Install_Programs\DataHub\domains\Grinding\Grinding.Pages\DummyItems.razor.cs(65,23): warning CS8632: Pozn├ímka u typ┼» odkaz┼» s mo┼żnou hodnotou null by se m─Ťla v k├│du pou┼ż├şvat jenom v kontextu pozn├ímek #nullable. [C:\NON_Install_Programs\DataHub\domains\Grinding\Grinding.Pages\Grinding.Pages.csproj]
C:\NON_Install_Programs\DataHub\domains\Grinding\Grinding.Pages\Alarms.razor.cs(50,46): warning CS8632: Pozn├ímka u typ┼» odkaz┼» s mo┼żnou hodnotou null by se m─Ťla v k├│du pou┼ż├şvat jenom v kontextu pozn├ímek #nullable. [C:\NON_Install_Programs\DataHub\domains\Grinding\Grinding.Pages\Grinding.Pages.csproj]
C:\NON_Install_Programs\DataHub\domains\Grinding\Grinding.Pages\AuditLogViewer.razor.cs(30,23): warning CS8632: Pozn├ímka u typ┼» odkaz┼» s mo┼żnou hodnotou null by se m─Ťla v k├│du pou┼ż├şvat jenom v kontextu pozn├ímek #nullable. [C:\NON_Install_Programs\DataHub\domains\Grinding\Grinding.Pages\Grinding.Pages.csproj]
C:\NON_Install_Programs\DataHub\domains\Grinding\Grinding.Pages\Alarms.razor.cs(51,23): warning CS8632: Pozn├ímka u typ┼» odkaz┼» s mo┼żnou hodnotou null by se m─Ťla v k├│du pou┼ż├şvat jenom v kontextu pozn├ímek #nullable. [C:\NON_Install_Programs\DataHub\domains\Grinding\Grinding.Pages\Grinding.Pages.csproj]
C:\NON_Install_Programs\DataHub\domains\Grinding\Grinding.Pages\Alarms.razor.cs(52,23): warning CS8632: Pozn├ímka u typ┼» odkaz┼» s mo┼żnou hodnotou null by se m─Ťla v k├│du pou┼ż├şvat jenom v kontextu pozn├ímek #nullable. [C:\NON_Install_Programs\DataHub\domains\Grinding\Grinding.Pages\Grinding.Pages.csproj]
C:\NON_Install_Programs\DataHub\domains\Grinding\Grinding.Pages\AuditLogViewer.razor.cs(33,42): warning CS8632: Pozn├ímka u typ┼» odkaz┼» s mo┼żnou hodnotou null by se m─Ťla v k├│du pou┼ż├şvat jenom v kontextu pozn├ímek #nullable. [C:\NON_Install_Programs\DataHub\domains\Grinding\Grinding.Pages\Grinding.Pages.csproj]
C:\NON_Install_Programs\DataHub\domains\Grinding\Grinding.Pages\Alarms.razor.cs(58,23): warning CS8632: Pozn├ímka u typ┼» odkaz┼» s mo┼żnou hodnotou null by se m─Ťla v k├│du pou┼ż├şvat jenom v kontextu pozn├ímek #nullable. [C:\NON_Install_Programs\DataHub\domains\Grinding\Grinding.Pages\Grinding.Pages.csproj]
C:\NON_Install_Programs\DataHub\domains\Grinding\Grinding.Pages\DummyItemDetails.razor(43,22): warning CS8669: Pozn├ímka pro typy odkaz┼» s mo┼żnou hodnotou null by se m─Ťla pou┼ż├şvat jenom v k├│du v r├ímci kontextu pozn├ímek #nullable. Automaticky vygenerovan├Ż k├│d vy┼żaduje explicitn├ş direktivu #nullable ve zdroji. [C:\NON_Install_Programs\DataHub\domains\Grinding\Grinding.Pages\Grinding.Pages.csproj]
C:\NON_Install_Programs\DataHub\domains\Grinding\Grinding.Pages\DummyItems.razor.cs(75,180): error CS0019: Oper├ítor ?? nejde pou┼ż├şt na operandy typu DummyCategory a string. [C:\NON_Install_Programs\DataHub\domains\Grinding\Grinding.Pages\Grinding.Pages.csproj]
C:\NON_Install_Programs\DataHub\domains\Grinding\Grinding.Pages\DummyItemAction.razor(20,39): error CS1503: Argument 1: Nejde p┼Öev├ęst z DataHub.Core.Models.DummyCategory na string. [C:\NON_Install_Programs\DataHub\domains\Grinding\Grinding.Pages\Grinding.Pages.csproj]
C:\NON_Install_Programs\DataHub\domains\Grinding\Grinding.Pages\obj\Debug\net9.0\Microsoft.CodeAnalysis.Razor.Compiler\Microsoft.NET.Sdk.Razor.SourceGenerators.RazorSourceGenerator\DummyItemAction_razor.g.cs(249,399): error CS1503: Argument 2: Nejde p┼Öev├ęst z Microsoft.AspNetCore.Components.EventCallback<DataHub.Core.Models.DummyCategory> na Microsoft.AspNetCore.Components.EventCallback. [C:\NON_Install_Programs\DataHub\domains\Grinding\Grinding.Pages\Grinding.Pages.csproj]
C:\NON_Install_Programs\DataHub\domains\Grinding\Grinding.Pages\obj\Debug\net9.0\Microsoft.CodeAnalysis.Razor.Compiler\Microsoft.NET.Sdk.Razor.SourceGenerators.RazorSourceGenerator\DummyItemAction_razor.g.cs(250,320): error CS0029: Typ DataHub.Core.Models.DummyCategory nejde implicitn─Ť p┼Öev├ęst na typ string. [C:\NON_Install_Programs\DataHub\domains\Grinding\Grinding.Pages\Grinding.Pages.csproj]
C:\NON_Install_Programs\DataHub\domains\Grinding\Grinding.Pages\obj\Debug\net9.0\Microsoft.CodeAnalysis.Razor.Compiler\Microsoft.NET.Sdk.Razor.SourceGenerators.RazorSourceGenerator\DummyItemAction_razor.g.cs(250,320): error CS1662: v├Żraz lambda nejde p┼Öev├ęst na zam├Ż┼ílen├Ż typ deleg├íta, proto┼że n─Ťkter├ę z n├ívratov├Żch typ┼» v bloku nejsou implicitn─Ť p┼Öevediteln├ę na n├ívratov├Ż typ tohoto deleg├íta. [C:\NON_Install_Programs\DataHub\domains\Grinding\Grinding.Pages\Grinding.Pages.csproj]
C:\NON_Install_Programs\DataHub\domains\Grinding\Grinding.Pages\obj\Debug\net9.0\Microsoft.CodeAnalysis.Razor.Compiler\Microsoft.NET.Sdk.Razor.SourceGenerators.RazorSourceGenerator\DummyItemAction_razor.g.cs(190,138): error CS1662: v├Żraz lambda nejde p┼Öev├ęst na zam├Ż┼ílen├Ż typ deleg├íta, proto┼że n─Ťkter├ę z n├ívratov├Żch typ┼» v bloku nejsou implicitn─Ť p┼Öevediteln├ę na n├ívratov├Ż typ tohoto deleg├íta. [C:\NON_Install_Programs\DataHub\domains\Grinding\Grinding.Pages\Grinding.Pages.csproj]
C:\NON_Install_Programs\DataHub\domains\Grinding\Grinding.Pages\DummyItemDetails.razor(26,47): error CS1503: Argument 1: Nejde p┼Öev├ęst z DataHub.Core.Models.DummyCategory na string. [C:\NON_Install_Programs\DataHub\domains\Grinding\Grinding.Pages\Grinding.Pages.csproj]
C:\NON_Install_Programs\DataHub\domains\Grinding\Grinding.Pages\obj\Debug\net9.0\Microsoft.CodeAnalysis.Razor.Compiler\Microsoft.NET.Sdk.Razor.SourceGenerators.RazorSourceGenerator\DummyItemDetails_razor.g.cs(279,394): error CS1503: Argument 2: Nejde p┼Öev├ęst z Microsoft.AspNetCore.Components.EventCallback<DataHub.Core.Models.DummyCategory> na Microsoft.AspNetCore.Components.EventCallback. [C:\NON_Install_Programs\DataHub\domains\Grinding\Grinding.Pages\Grinding.Pages.csproj]
C:\NON_Install_Programs\DataHub\domains\Grinding\Grinding.Pages\obj\Debug\net9.0\Microsoft.CodeAnalysis.Razor.Compiler\Microsoft.NET.Sdk.Razor.SourceGenerators.RazorSourceGenerator\DummyItemDetails_razor.g.cs(280,315): error CS0029: Typ DataHub.Core.Models.DummyCategory nejde implicitn─Ť p┼Öev├ęst na typ string. [C:\NON_Install_Programs\DataHub\domains\Grinding\Grinding.Pages\Grinding.Pages.csproj]
C:\NON_Install_Programs\DataHub\domains\Grinding\Grinding.Pages\obj\Debug\net9.0\Microsoft.CodeAnalysis.Razor.Compiler\Microsoft.NET.Sdk.Razor.SourceGenerators.RazorSourceGenerator\DummyItemDetails_razor.g.cs(280,315): error CS1662: v├Żraz lambda nejde p┼Öev├ęst na zam├Ż┼ílen├Ż typ deleg├íta, proto┼że n─Ťkter├ę z n├ívratov├Żch typ┼» v bloku nejsou implicitn─Ť p┼Öevediteln├ę na n├ívratov├Ż typ tohoto deleg├íta. [C:\NON_Install_Programs\DataHub\domains\Grinding\Grinding.Pages\Grinding.Pages.csproj]
    12 upozorn─Ťn├ş
    Po─Źet chyb: 10

Uplynul├Ż ─Źas 00:00:02.22
